Script started on Sun Aug 12 12:08:56 2018
[?1034hbash-3.2$ cat scr[K[K[K
.DS_Store                 .pre-commit-config.yaml   Makefile                  docker-compose.yml        requirements-dev.txt      src/                      typescript
.git/                     .travis.yml               README.md                 docs/                     requirements.txt          supervisord.conf.example  
.gitignore                Dockerfile-test           changelog.md              elastalert/               setup.cfg                 tests/                    
.idea/                    LICENSE                   config.yaml.example       example_rules/            setup.py                  tox.ini                   
bash-3.2$ cat 
.DS_Store                 .pre-commit-config.yaml   Makefile                  docker-compose.yml        requirements-dev.txt      src/                      typescript
.git/                     .travis.yml               README.md                 docs/                     requirements.txt          supervisord.conf.example  
.gitignore                Dockerfile-test           changelog.md              elastalert/               setup.cfg                 tests/                    
.idea/                    LICENSE                   config.yaml.example       example_rules/            setup.py                  tox.ini                   
bash-3.2$ cat s[K./s
setup.cfg                 setup.py                  src/                      supervisord.conf.example  
bash-3.2$ cat ./s
setup.cfg                 setup.py                  src/                      supervisord.conf.example  
bash-3.2$ cat ./s
setup.cfg                 setup.py                  src/                      supervisord.conf.example  
bash-3.2$ cat ./sc[K[K[K[K[K[K[K[Kcler
bash: cler: command not found
bash-3.2$ ls -l
total 152
-rw-r--r--   1 shirmenaya  staff    275 Aug  9 14:56 Dockerfile-test
-rw-r--r--   1 shirmenaya  staff  11359 Aug  6 16:16 LICENSE
-rw-r--r--   1 shirmenaya  staff    480 Aug  6 16:16 Makefile
-rw-r--r--   1 shirmenaya  staff  15957 Aug  6 16:16 README.md
-rw-r--r--   1 shirmenaya  staff   7931 Aug  6 16:16 changelog.md
-rw-r--r--   1 shirmenaya  staff   2289 Aug  9 13:50 config.yaml.example
-rw-r--r--   1 shirmenaya  staff    261 Aug  6 16:16 docker-compose.yml
drwxr-xr-x   4 shirmenaya  staff    128 Aug  6 16:16 docs
drwxr-xr-x  16 shirmenaya  staff    512 Aug 10 15:16 elastalert
drwxr-xr-x  11 shirmenaya  staff    352 Aug  6 16:16 example_rules
-rw-r--r--   1 shirmenaya  staff    119 Aug 12 10:39 requirements-dev.txt
-rw-r--r--   1 shirmenaya  staff    376 Aug 12 11:38 requirements.txt
-rw-r--r--   1 shirmenaya  staff    100 Aug  6 16:16 setup.cfg
-rw-r--r--   1 shirmenaya  staff   1559 Aug  6 16:16 setup.py
drwxr-xr-x   3 shirmenaya  staff     96 Aug  9 13:33 src
-rw-r--r--   1 shirmenaya  staff    780 Aug  6 16:16 supervisord.conf.example
drwxr-xr-x  11 shirmenaya  staff    352 Aug  6 17:52 tests
-rw-r--r--   1 shirmenaya  staff    599 Aug  6 16:16 tox.ini
-rw-r--r--   1 shirmenaya  staff     43 Aug 12 12:08 typescript
bash-3.2$ clear
[H[2Jbash-3.2$ cd ..
bash-3.2$ ls -l
total 0
drwxr-xr-x  27 shirmenaya  staff  864 Aug 12 12:08 elastalert
drwxr-xr-x  11 shirmenaya  staff  352 Aug 12 12:08 pxElastalert
bash-3.2$ pip install -e git+https://github.com/toddjames/statsd-tags#egg=statsd
Obtaining statsd from git+https://github.com/toddjames/statsd-tags#egg=statsd
  Cloning https://github.com/toddjames/statsd-tags to ./src/statsd
remote: Repository not found.
fatal: repository 'https://github.com/toddjames/statsd-tags/' not found
[31mCommand "git clone -q https://github.com/toddjames/statsd-tags /Users/shirmenaya/gitHubProjects/elastalert/src/statsd" failed with error code 128 in None[0m
[33mYou are using pip version 10.0.1, however version 18.0 is available.
You should consider upgrading via the 'pip install --upgrade pip' command.[0m
bash-3.2$ 
bash-3.2$ 
bash-3.2$ 
bash-3.2$ 
bash-3.2$ 
bash-3.2$ 
bash-3.2$ pip install -e git+https://github.com/toddjames/statsd-tags#egg=statsd
Obtaining statsd from git+https://github.com/toddjames/statsd-tags#egg=statsd
  Cloning https://github.com/toddjames/statsd-tags to ./src/statsd
remote: Repository not found.
fatal: repository 'https://github.com/toddjames/statsd-tags/' not found
[31mCommand "git clone -q https://github.com/toddjames/statsd-tags /Users/shirmenaya/gitHubProjects/elastalert/src/statsd" failed with error code 128 in None[0m
[33mYou are using pip version 10.0.1, however version 18.0 is available.
You should consider upgrading via the 'pip install --upgrade pip' command.[0m
bash-3.2$ exit
exit

Script done on Sun Aug 12 12:11:27 2018
